// Jest Snapshot v1, https://goo.gl/fbAQLP

exports[`fill 0 1`] = `
"111111111100000000000000000000000000
111111111100000000000000000000000000
111111111100000000000000000000000000
111111111100000000000000000000000000
111111111100000011111111110000000000
111111111100000000000000000000000000
111111111100000000000000000000000000
111111111100000000000000000000000000
111111111100000000000000000000000000
111111111100000000000000000000000000
110000000000000000000000000000000000
110000000000000000000000000000000000
110000000000000000000000000000000000
110000000000000000000000000000000000
110000000000000000000000000000000000
110000000000000000000000000000000000
110000000000000000000000000000000000
110000000000000000000000000000000000
110000000000000000000000000000000000
110000000000000000000000000000000000
"
`;
